layer at (0,0) size 800x600
  RenderView at (0,0) size 800x600
layer at (0,0) size 800x600
  RenderBlock {HTML} at (0,0) size 800x600
    RenderBody {BODY} at (8,8) size 784x528
      RenderBlock {P} at (0,0) size 784x42
        RenderText {#text} at (0,0) size 743x42
          text run at (0,0) width 743: "This test tries to render the following text with Ahem, loaded from a WOFF file. The text below should be a"
          text run at (0,21) width 153: "series of black boxes."
      RenderBlock {P} at (0,106) size 784x65
        RenderText {#text} at (0,0) size 448x65
          text run at (0,0) width 448: "Failure"
